// Jest Snapshot v1, https://goo.gl/fbAQLP

exports[`<MenuView /> Should MenuView render with itemsMenu 1`] = `
<Sider
  collapsed={true}
  collapsible={true}
  onCollapse={[Function]}
>
  <div
    className="logo"
    onClick={[Function]}
  >
    <Logo />
  </div>
  <Menu
    defaultSelectedKeys={
      Array [
        "Главное меню",
      ]
    }
    mode="inline"
    selectedKeys={
      Array [
        "MainModule",
      ]
    }
    theme="dark"
  >
    <MenuItem
      className="menuItem"
      key="mainModule"
      onClick={[Function]}
    >
      <Icon
        type="home"
      />
      <span>
        Главное меню
      </span>
    </MenuItem>
    <MenuItem
      className="menuItem"
      key="cabinetModule"
      onClick={[Function]}
    >
      <Icon
        type="user"
      />
      <span>
        Личный кабинет
      </span>
    </MenuItem>
    <SubMenu
      className="menuItem"
      key="taskModule"
      title={
        <span>
          <Icon
            type="file-done"
          />
          <span>
            Задачи
          </span>
        </span>
      }
    >
      <MenuItem
        key="taskModule_all"
        onClick={[Function]}
      >
        Все задачи
      </MenuItem>
      <MenuItem
        key="taskModule_myTasks"
        onClick={[Function]}
      >
        Мои задачи
      </MenuItem>
      <MenuItem
        key="taskModule_сalendar"
        onClick={[Function]}
      >
        Календарь задач
      </MenuItem>
    </SubMenu>
    <SubMenu
      className="menuItem"
      key="customersModule"
      title={
        <span>
          <Icon
            type="global"
          />
          <span>
            Работа с клиентами
          </span>
        </span>
      }
    >
      <MenuItem
        key="customersModule_contacts"
        onClick={[Function]}
      >
        Контакты
      </MenuItem>
      <MenuItem
        key="customersModule_reception"
        onClick={[Function]}
      >
        Обращения
      </MenuItem>
    </SubMenu>
    <SubMenu
      className="menuItem"
      key="contactModule"
      title={
        <span>
          <Icon
            type="wechat"
          />
          <span>
            Связь
          </span>
        </span>
      }
    >
      <MenuItem
        key="contactModule_feedback"
        onClick={[Function]}
      >
        Информация
      </MenuItem>
      <MenuItem
        key="contactModule_chat"
        onClick={[Function]}
      >
        Корпоративный чат
      </MenuItem>
    </SubMenu>
    <MenuItem
      className="menuItem"
      key="statisticModule"
      onClick={[Function]}
    >
      <Icon
        type="line-chart"
      />
      <span>
        Статистика
      </span>
    </MenuItem>
    <MenuItem
      className="menuItem"
      key="settingsModule"
      onClick={[Function]}
    >
      <Icon
        type="build"
      />
      <span>
        Настройки
      </span>
    </MenuItem>
  </Menu>
</Sider>
`;

exports[`<MenuView /> Should MenuView render with itemsMenu 2`] = `
<Sider
  collapsed={true}
  collapsible={true}
  onCollapse={[Function]}
>
  <div
    className="logo"
    onClick={[Function]}
  >
    <Logo />
  </div>
  <Menu
    defaultSelectedKeys={
      Array [
        "Главное меню",
      ]
    }
    mode="inline"
    selectedKeys={
      Array [
        "MainModule",
      ]
    }
    theme="dark"
  >
    <MenuItem
      className="menuItem"
      key="mainModule"
      onClick={[Function]}
    >
      <Icon
        type="home"
      />
      <span>
        Главное меню
      </span>
    </MenuItem>
    <MenuItem
      className="menuItem"
      key="cabinetModule"
      onClick={[Function]}
    >
      <Icon
        type="user"
      />
      <span>
        Личный кабинет
      </span>
    </MenuItem>
    <SubMenu
      className="menuItem"
      key="taskModule"
      title={
        <span>
          <Icon
            type="file-done"
          />
          <span>
            Задачи
          </span>
        </span>
      }
    >
      <MenuItem
        key="taskModule_all"
        onClick={[Function]}
      >
        Все задачи
      </MenuItem>
      <MenuItem
        key="taskModule_myTasks"
        onClick={[Function]}
      >
        Мои задачи
      </MenuItem>
      <MenuItem
        key="taskModule_сalendar"
        onClick={[Function]}
      >
        Календарь задач
      </MenuItem>
    </SubMenu>
    <SubMenu
      className="menuItem"
      key="customersModule"
      title={
        <span>
          <Icon
            type="global"
          />
          <span>
            Работа с клиентами
          </span>
        </span>
      }
    >
      <MenuItem
        key="customersModule_contacts"
        onClick={[Function]}
      >
        Контакты
      </MenuItem>
      <MenuItem
        key="customersModule_reception"
        onClick={[Function]}
      >
        Обращения
      </MenuItem>
    </SubMenu>
    <SubMenu
      className="menuItem"
      key="contactModule"
      title={
        <span>
          <Icon
            type="wechat"
          />
          <span>
            Связь
          </span>
        </span>
      }
    >
      <MenuItem
        key="contactModule_feedback"
        onClick={[Function]}
      >
        Информация
      </MenuItem>
      <MenuItem
        key="contactModule_chat"
        onClick={[Function]}
      >
        Корпоративный чат
      </MenuItem>
    </SubMenu>
    <MenuItem
      className="menuItem"
      key="statisticModule"
      onClick={[Function]}
    >
      <Icon
        type="line-chart"
      />
      <span>
        Статистика
      </span>
    </MenuItem>
    <MenuItem
      className="menuItem"
      key="settingsModule"
      onClick={[Function]}
    >
      <Icon
        type="build"
      />
      <span>
        Настройки
      </span>
    </MenuItem>
  </Menu>
</Sider>
`;
