// Jest Snapshot v1, https://goo.gl/fbAQLP

exports[`<RightPanel /> template should be render 1`] = `
<div
  className="headerControllers rightPanel"
>
  <UserPopup
    goCabinet={null}
    statusApp=""
    udata={Object {}}
  />
  <div
    className="groupControllers"
  >
    <NotificationPopup
      notificationDep={Object {}}
      statusApp=""
      type="private"
      udata={Object {}}
    />
    <Updater
      additionalClassName="updaterDefault"
      className=""
      onClick={[Function]}
      statusApp=""
    />
    <div
      className="logout"
      onClick={null}
    >
      Выйти
    </div>
    <Status
      shouldUpdate={false}
      statusApp=""
    />
  </div>
</div>
`;
