// Jest Snapshot v1, https://goo.gl/fbAQLP

exports[`<SettingsModule /> template Should be render 1`] = `
<div
  className="settingsModule"
>
  <TitleModule
    classNameTitle="settingsModuleTitle"
    title="Настройки"
  />
  <div
    className="settingsModule__main"
  >
    <div
      className="col-6"
    >
      <Collapse
        bordered={true}
        defaultActiveKey={
          Array [
            "common",
          ]
        }
        expandIconPosition="left"
        openAnimation={
          Object {
            "appear": [Function],
            "enter": [Function],
            "leave": [Function],
          }
        }
      >
        <CollapsePanel
          header="Общие настройки"
          key="common"
        >
          <div
            className="settingsPanel--center-flex"
          >
            <div
              className="configWrapper flexWrapper"
            >
              <span>
                Сменить почту:
              </span>
              <Input
                allowClear={true}
                data-id="email"
                onChange={[Function]}
                type="text"
                value=""
              />
            </div>
            <div
              className="configWrapper flexWrapper"
            >
              <span>
                Сменить телефон:
              </span>
              <Input
                allowClear={true}
                data-id="tel"
                onChange={[Function]}
                type="tel"
                value=""
              />
            </div>
          </div>
        </CollapsePanel>
        <CollapsePanel
          header="Настройки профиля"
          key="profile"
        >
          <div
            className="configWrapper"
          >
            <Switch
              defaultChecked={false}
              onChange={[Function]}
            />
            <span
              className="configTitle"
            >
              Скрывать почту
            </span>
          </div>
          <div
            className="configWrapper"
          >
            <Switch
              defaultChecked={false}
              onChange={[Function]}
            />
            <span
              className="configTitle"
            >
              Скрывать телефон
            </span>
          </div>
        </CollapsePanel>
        <CollapsePanel
          header="Настройки уровней доступа"
          key="access"
        >
          <Collapse
            bordered={false}
            expandIconPosition="left"
            openAnimation={
              Object {
                "appear": [Function],
                "enter": [Function],
                "leave": [Function],
              }
            }
          >
            <CollapsePanel
              header="Администратор"
              key="admin"
            >
               A dog is a type of domesticated animal.
            </CollapsePanel>
            <CollapsePanel
              header="Начальник отдела"
              key="headDepartament"
            >
               A dog is a type of domesticated animal.
            </CollapsePanel>
            <CollapsePanel
              header="Сотрудник"
              key="solider"
            >
               A dog is a type of domesticated animal.
            </CollapsePanel>
          </Collapse>
        </CollapsePanel>
      </Collapse>
      <Button
        block={false}
        className="submit"
        disabled={true}
        ghost={false}
        htmlType="button"
        loading={false}
        type="primary"
      >
        Принять изменения
      </Button>
    </div>
    <div
      className="col-6"
    >
      <ObserverTime />
    </div>
  </div>
</div>
`;

exports[`<SettingsModule /> template Should be render 2`] = `
<div
  className="settingsModule"
>
  <TitleModule
    classNameTitle="settingsModuleTitle"
    title="Настройки"
  />
  <div
    className="settingsModule__main"
  >
    <div
      className="col-6"
    >
      <Collapse
        bordered={true}
        defaultActiveKey={
          Array [
            "common",
          ]
        }
        expandIconPosition="left"
        openAnimation={
          Object {
            "appear": [Function],
            "enter": [Function],
            "leave": [Function],
          }
        }
      >
        <CollapsePanel
          header="Общие настройки"
          key="common"
        >
          <div
            className="settingsPanel--center-flex"
          >
            <div
              className="configWrapper flexWrapper"
            >
              <span>
                Сменить почту:
              </span>
              <Input
                allowClear={true}
                data-id="email"
                onChange={[Function]}
                type="text"
                value=""
              />
            </div>
            <div
              className="configWrapper flexWrapper"
            >
              <span>
                Сменить телефон:
              </span>
              <Input
                allowClear={true}
                data-id="tel"
                onChange={[Function]}
                type="tel"
                value=""
              />
            </div>
          </div>
        </CollapsePanel>
        <CollapsePanel
          header="Настройки профиля"
          key="profile"
        >
          <div
            className="configWrapper"
          >
            <Switch
              defaultChecked={false}
              onChange={[Function]}
            />
            <span
              className="configTitle"
            >
              Скрывать почту
            </span>
          </div>
          <div
            className="configWrapper"
          >
            <Switch
              defaultChecked={false}
              onChange={[Function]}
            />
            <span
              className="configTitle"
            >
              Скрывать телефон
            </span>
          </div>
        </CollapsePanel>
        <CollapsePanel
          header="Настройки уровней доступа"
          key="access"
        >
          <Collapse
            bordered={false}
            expandIconPosition="left"
            openAnimation={
              Object {
                "appear": [Function],
                "enter": [Function],
                "leave": [Function],
              }
            }
          >
            <CollapsePanel
              header="Администратор"
              key="admin"
            >
               A dog is a type of domesticated animal.
            </CollapsePanel>
            <CollapsePanel
              header="Начальник отдела"
              key="headDepartament"
            >
               A dog is a type of domesticated animal.
            </CollapsePanel>
            <CollapsePanel
              header="Сотрудник"
              key="solider"
            >
               A dog is a type of domesticated animal.
            </CollapsePanel>
          </Collapse>
        </CollapsePanel>
      </Collapse>
      <Button
        block={false}
        className="submit"
        disabled={true}
        ghost={false}
        htmlType="button"
        loading={false}
        type="primary"
      >
        Принять изменения
      </Button>
    </div>
    <div
      className="col-6"
    >
      <ObserverTime />
    </div>
  </div>
</div>
`;
