// Jest Snapshot v1, https://goo.gl/fbAQLP

exports[`<TaskModule /> template Should be render 1`] = `
<div
  className="taskModule"
  key="taskModule"
>
  <Scrollbars
    autoHeight={false}
    autoHeightMax={200}
    autoHeightMin={0}
    autoHide={false}
    autoHideDuration={200}
    autoHideTimeout={1000}
    hideTracksWhenNotNeeded
    renderThumbHorizontal={[Function]}
    renderThumbVertical={[Function]}
    renderTrackHorizontal={[Function]}
    renderTrackVertical={[Function]}
    renderView={[Function]}
    tagName="div"
    thumbMinSize={30}
    universal={false}
  >
    <div
      className="controllersWrapper"
      key="controllers"
    >
      <Button
        block={false}
        className="newTaskButton"
        ghost={false}
        htmlType="button"
        loading={false}
        onClick={[Function]}
        type="primary"
      >
        Создать новую задачу
      </Button>
    </div>
    <TabContainer
      className="tabList"
      isBackground={false}
      isPortal={false}
      isTab={false}
      key="mainModuletaskModule_alltaskList_tab"
      onChangeVisibleAction={null}
      visible={true}
    >
      <TaskModuleList
        counter={null}
        data={Object {}}
        height={null}
        isBackground={false}
        key="taskModule_listAll"
        loaderMethods={Object {}}
        rest={Object {}}
        router={
          Object {
            "activeTabs": Array [
              "MainModule",
            ],
            "currentActionTab": "mainModule",
            "routeData": Object {
              "taskModule__all": Object {},
            },
            "routeDataActive": Object {},
          }
        }
        setCurrentTab={[Function]}
        statusApp="online"
        urrentActionTab="mainModule"
        visible={true}
      />
    </TabContainer>
    <TabContainer
      className="tabList"
      isBackground={false}
      isPortal={false}
      isTab={false}
      key="mainModuletaskModule_allmyTaskList_tab"
      onChangeVisibleAction={null}
      visible={false}
    >
      <TaskModuleMyList
        counter={null}
        currentActionTab="mainModule"
        data={Object {}}
        height={null}
        isBackground={false}
        key="myList_tasks"
        loaderMethods={Object {}}
        rest={Object {}}
        router={
          Object {
            "activeTabs": Array [
              "MainModule",
            ],
            "currentActionTab": "mainModule",
            "routeData": Object {
              "taskModule__all": Object {},
            },
            "routeDataActive": Object {},
          }
        }
        setCurrentTab={[Function]}
        statusApp="online"
        udata={Object {}}
        visible={false}
      />
    </TabContainer>
    <TabContainer
      className="validateStyleWrapper"
      isBackground={false}
      isPortal={false}
      isTab={false}
      key="calendarTaskModule_tab"
      onChangeVisibleAction={null}
      visible={false}
    >
      <TaskModuleCalendar
        data={Object {}}
        height={null}
        isBackground={false}
        key="calendarTaskModule"
        loaderMethods={Object {}}
        onLoadCurrentData={[Function]}
        onOpenPageWithData={[Function]}
        onSetStatus={null}
        rest={Object {}}
        router={
          Object {
            "activeTabs": Array [
              "MainModule",
            ],
            "currentActionTab": "mainModule",
            "routeData": Object {
              "taskModule__all": Object {},
            },
            "routeDataActive": Object {},
          }
        }
        setCurrentTab={[Function]}
        statusApp="online"
        statusList={Object {}}
        udata={Object {}}
        visible={false}
      />
    </TabContainer>
    <TabContainer
      className="validateStyleWrapper"
      isBackground={false}
      isPortal={false}
      isTab={false}
      key="createTask_module_tab"
      onChangeVisibleAction={null}
      visible={false}
    >
      <CreateTask
        isBackground={false}
        key="createTaskModule"
        onLoadCurrentData={[Function]}
        onOpenPageWithData={[Function]}
        onSetStatus={null}
        removeTab={[Function]}
        rest={Object {}}
        router={
          Object {
            "activeTabs": Array [
              "MainModule",
            ],
            "currentActionTab": "mainModule",
            "routeData": Object {
              "taskModule__all": Object {},
            },
            "routeDataActive": Object {},
          }
        }
        statusApp="online"
        statusList={Object {}}
        udata={Object {}}
        visible={false}
        visibleMode="default"
      />
    </TabContainer>
    <TabContainer
      className="validateStyleWrapper"
      isBackground={false}
      isPortal={false}
      isTab={false}
      key="taskView_tab"
      onChangeVisibleAction={null}
      visible={false}
    >
      <Connect(TaskView)
        height={null}
        isBackground={false}
        key="taskViewModule"
        onLoadCacheData={[Function]}
        onLoadCurrentData={[Function]}
        onOpenPageWithData={[Function]}
        rest={Object {}}
        setCurrentTab={[Function]}
        uuid=""
        visible={false}
      />
    </TabContainer>
  </Scrollbars>
</div>
`;

exports[`<TaskModule /> template Should be render 2`] = `
<div
  className="taskModule"
  key="taskModule"
>
  <div>
    Not found path module
  </div>
</div>
`;
