// Jest Snapshot v1, https://goo.gl/fbAQLP

exports[`<TaskView /> template Should be render with data 1`] = `
<Scrollbars
  autoHeight={false}
  autoHeightMax={200}
  autoHeightMin={0}
  autoHide={false}
  autoHideDuration={200}
  autoHideTimeout={1000}
  hideTracksWhenNotNeeded={true}
  renderThumbHorizontal={[Function]}
  renderThumbVertical={[Function]}
  renderTrackHorizontal={[Function]}
  renderTrackVertical={[Function]}
  renderView={[Function]}
  tagName="div"
  thumbMinSize={30}
  universal={false}
>
  <TitleModule
    additional=""
    className=""
    classNameTitle="taskModuleTittle"
    title="Карточка задачи"
  />
  <ModalWindow
    accessStatus={Array []}
    actionType="__getJurnal"
    description="asdasd"
    editableContent="asdasd"
    isLoadList={false}
    key="testTask"
    keyTask="testTask"
    mode="jur"
    modeControll="default"
    modeEditContent={false}
    onCaching={[Function]}
    onCancelEditModeContent={[Function]}
    onEdit={[Function]}
    onRejectEdit={[Function]}
    onUpdate={[Function]}
    onUpdateEditable={[Function]}
    routeDataActive={
      Object {
        "_id": "asdas",
        "author": "Павел Петрович",
        "authorName": "asdas",
        "comments": Array [],
        "date": Array [],
        "description": "asdasd",
        "editor": Array [
          "Павел Петрович",
          "Гена Букин",
        ],
        "key": "testTask",
        "name": "Task1",
        "priority": "Средний",
        "status": "В работе",
      }
    }
    rulesEdit={false}
    rulesStatus={false}
    statusTaskValue="В работе"
    udata={
      Object {
        "_id": "adasd",
        "displayName": "asdas",
      }
    }
  />
  <div
    className="taskView"
  >
    <div
      className="col-6 col-taskDescription"
    >
      <Scrollbars
        autoHeight={false}
        autoHeightMax={200}
        autoHeightMin={0}
        autoHide={false}
        autoHideDuration={200}
        autoHideTimeout={1000}
        hideTracksWhenNotNeeded={true}
        renderThumbHorizontal={[Function]}
        renderThumbVertical={[Function]}
        renderTrackHorizontal={[Function]}
        renderTrackVertical={[Function]}
        renderView={[Function]}
        tagName="div"
        thumbMinSize={30}
        universal={false}
      >
        <Descriptions
          bordered={true}
          column={
            Object {
              "d": 1,
              "lg": 1,
              "sm": 1,
              "xl": 1,
              "xs": 1,
              "xxl": 1,
            }
          }
          size="default"
        >
          <DescriptionsItem
            label="Артикул"
          >
            <Output
              action=""
              className="key"
              id=""
              typeOutput=""
            >
              testTask
            </Output>
          </DescriptionsItem>
          <DescriptionsItem
            label="Название"
          >
            <Output
              action=""
              className="name"
              id=""
              typeOutput=""
            >
              Task1
            </Output>
          </DescriptionsItem>
          <DescriptionsItem
            label="Статус"
          >
            <Output
              action=""
              className="status active"
              id=""
              typeOutput=""
            >
              В работе
            </Output>
          </DescriptionsItem>
          <DescriptionsItem
            label="Приоритет"
          >
            <Output
              action=""
              className="priority"
              id=""
              typeOutput=""
            >
              Средний
            </Output>
          </DescriptionsItem>
          <DescriptionsItem
            label="Автор задачи"
          >
            <Output
              action=""
              className="author"
              depModuleName="mainModule__table"
              id=""
              isLink={true}
              isLoad={false}
              isStaticList={true}
              links={Array []}
              list={true}
              router={
                Object {
                  "actionTabs": Array [
                    "MainModule",
                  ],
                  "currentActionTab": "mainModule",
                  "routeData": Object {},
                  "routeDataActive": Object {
                    "_id": "asdas",
                    "author": "Павел Петрович",
                    "authorName": "asdas",
                    "comments": Array [],
                    "date": Array [],
                    "description": "asdasd",
                    "editor": Array [
                      "Павел Петрович",
                      "Гена Букин",
                    ],
                    "key": "testTask",
                    "name": "Task1",
                    "priority": "Средний",
                    "status": "В работе",
                  },
                }
              }
              typeOutput="link"
              udata={
                Object {
                  "_id": "adasd",
                  "displayName": "asdas",
                }
              }
            />
          </DescriptionsItem>
          <DescriptionsItem
            label="Исполнитель"
          >
            <Output
              action=""
              className="editor"
              depModuleName="mainModule__table"
              id=""
              isLink={true}
              isLoad={false}
              links={Array []}
              list={true}
              router={
                Object {
                  "actionTabs": Array [
                    "MainModule",
                  ],
                  "currentActionTab": "mainModule",
                  "routeData": Object {},
                  "routeDataActive": Object {
                    "_id": "asdas",
                    "author": "Павел Петрович",
                    "authorName": "asdas",
                    "comments": Array [],
                    "date": Array [],
                    "description": "asdasd",
                    "editor": Array [
                      "Павел Петрович",
                      "Гена Букин",
                    ],
                    "key": "testTask",
                    "name": "Task1",
                    "priority": "Средний",
                    "status": "В работе",
                  },
                }
              }
              typeOutput="link"
              udata={
                Object {
                  "_id": "adasd",
                  "displayName": "asdas",
                }
              }
            >
              Павел Петрович
              Гена Букин
            </Output>
          </DescriptionsItem>
          <DescriptionsItem
            label="Метки"
          >
            <div
              className="tags"
            >
              <TagsContainer
                modeControll="default"
                modeControllEdit={
                  Object {
                    "authorName": null,
                    "date": null,
                    "description": null,
                    "editor": null,
                    "key": null,
                    "name": null,
                    "priority": null,
                    "status": null,
                    "tags": Array [],
                    "uidCreater": null,
                  }
                }
                onChangeTagList={[Function]}
                shouldVisibleButtonAddTag={false}
                tagList={Array []}
                tagsView={Array []}
              />
            </div>
          </DescriptionsItem>
          <DescriptionsItem
            label="Дата назначения"
          >
            <Output
              action=""
              className="startDate"
              id=""
              typeOutput=""
            >
               
            </Output>
          </DescriptionsItem>
          <DescriptionsItem
            label="Дата завершения"
          >
            <Output
              action=""
              className="endDate"
              id=""
              typeOutput=""
            >
               
            </Output>
          </DescriptionsItem>
          <DescriptionsItem
            label="Затрачено времени"
          >
            <Output
              action=""
              id=""
              typeOutput=""
            >
              0.0 ч
            </Output>
          </DescriptionsItem>
        </Descriptions>
        <div
          className="descriptionTask"
        >
          <ForwardRef
            cachesAuthorList={Array []}
            cachesEditorList={Array []}
            cachesJurnalList={Array []}
            calcSumWorkTime={[Function]}
            commentProps={
              Object {
                "cachesAuthorList": Array [],
                "cachesEditorList": Array [],
                "cachesJurnalList": Array [],
                "calcSumWorkTime": [Function],
                "depModuleName": "mainModule__table",
                "filteredUsers": Array [],
                "onAddFileList": [Function],
                "onChangeEditable": [Function],
                "onChangeEditableEnd": [Function],
                "onChangeEditableStart": [Function],
                "onChangeTagList": [Function],
                "onEditContentMode": [Function],
                "onOpenPageWithData": undefined,
                "onRemoveFile": [Function],
                "router": Object {
                  "actionTabs": Array [
                    "MainModule",
                  ],
                  "currentActionTab": "mainModule",
                  "routeData": Object {},
                  "routeDataActive": Object {
                    "_id": "asdas",
                    "author": "Павел Петрович",
                    "authorName": "asdas",
                    "comments": Array [],
                    "date": Array [],
                    "description": "asdasd",
                    "editor": Array [
                      "Павел Петрович",
                      "Гена Букин",
                    ],
                    "key": "testTask",
                    "name": "Task1",
                    "priority": "Средний",
                    "status": "В работе",
                  },
                },
                "udata": Object {
                  "_id": "adasd",
                  "displayName": "asdas",
                },
              }
            }
            depModuleName="mainModule__table"
            description="asdasd"
            filesArray={Array []}
            filteredUsers={Array []}
            onAddFileList={[Function]}
            onChangeEditable={[Function]}
            onChangeEditableEnd={[Function]}
            onChangeEditableStart={[Function]}
            onChangeTagList={[Function]}
            onEditContentMode={[Function]}
            onRemoveFile={[Function]}
            onUpdate={[Function]}
            rest={Object {}}
            routeDataActive={
              Object {
                "_id": "asdas",
                "author": "Павел Петрович",
                "authorName": "asdas",
                "comments": Array [],
                "date": Array [],
                "description": "asdasd",
                "editor": Array [
                  "Павел Петрович",
                  "Гена Букин",
                ],
                "key": "testTask",
                "name": "Task1",
                "priority": "Средний",
                "status": "В работе",
              }
            }
            router={
              Object {
                "actionTabs": Array [
                  "MainModule",
                ],
                "currentActionTab": "mainModule",
                "routeData": Object {},
                "routeDataActive": Object {
                  "_id": "asdas",
                  "author": "Павел Петрович",
                  "authorName": "asdas",
                  "comments": Array [],
                  "date": Array [],
                  "description": "asdasd",
                  "editor": Array [
                    "Павел Петрович",
                    "Гена Букин",
                  ],
                  "key": "testTask",
                  "name": "Task1",
                  "priority": "Средний",
                  "status": "В работе",
                },
              }
            }
            rulesEdit={false}
            udata={
              Object {
                "_id": "adasd",
                "displayName": "asdas",
              }
            }
          />
        </div>
      </Scrollbars>
    </div>
    <div
      className="col-6 col-taskDescription"
    >
      <TitleModule
        additional=""
        className=""
        classNameTitle="historyTaskTitle"
        title="Журнал работы"
      />
      <Scrollbars
        autoHeight={false}
        autoHeightMax={200}
        autoHeightMin={0}
        autoHide={false}
        autoHideDuration={200}
        autoHideTimeout={1000}
        hideTracksWhenNotNeeded={true}
        renderThumbHorizontal={[Function]}
        renderThumbVertical={[Function]}
        renderTrackHorizontal={[Function]}
        renderTrackVertical={[Function]}
        renderView={[Function]}
        tagName="div"
        thumbMinSize={30}
        universal={false}
      >
        <Empty
          description={
            <span>
              Нету данных в журнале
            </span>
          }
        />
      </Scrollbars>
    </div>
  </div>
</Scrollbars>
`;
