// Jest Snapshot v1, https://goo.gl/fbAQLP

exports[`<TaskView /> template Should be render with data 1`] = `
<Scrollbars
  autoHeight={false}
  autoHeightMax={200}
  autoHeightMin={0}
  autoHide={false}
  autoHideDuration={200}
  autoHideTimeout={1000}
  hideTracksWhenNotNeeded={false}
  renderThumbHorizontal={[Function]}
  renderThumbVertical={[Function]}
  renderTrackHorizontal={[Function]}
  renderTrackVertical={[Function]}
  renderView={[Function]}
  tagName="div"
  thumbMinSize={30}
  universal={false}
>
  <TitleModule
    additional=""
    className=""
    classNameTitle="taskModuleTittle"
    title="Карточка задачи"
  />
  <ModalWindow
    accessStatus={
      Array [
        "В работе",
        "Открыт",
        "Выполнен",
        "Закрыт",
      ]
    }
    actionType="__setJurnal"
    description="asdasd"
    editableContent="asdasd"
    key="testTask"
    keyTask="testTask"
    mode="jur"
    modeControll="default"
    modeEditContent={false}
    onCaching={[Function]}
    onCancelEditModeContent={[Function]}
    onEdit={[Function]}
    onRejectEdit={[Function]}
    onUpdate={[Function]}
    onUpdateEditable={[Function]}
    routeDataActive={
      Object {
        "author": "Павел Петрович",
        "date": Array [],
        "description": "asdasd",
        "editor": Array [
          "Павел Петрович",
          "Гена Букин",
        ],
        "key": "testTask",
        "name": "Task1",
        "priority": "Средний",
        "status": "В работе",
      }
    }
    statusTaskValue="В работе"
    typeRequst="POST"
    udata={Object {}}
  />
  <div
    className="taskView"
  >
    <div
      className="col-6 col-taskDescription"
    >
      <Scrollbars
        autoHeight={false}
        autoHeightMax={200}
        autoHeightMin={0}
        autoHide={false}
        autoHideDuration={200}
        autoHideTimeout={1000}
        hideTracksWhenNotNeeded={false}
        renderThumbHorizontal={[Function]}
        renderThumbVertical={[Function]}
        renderTrackHorizontal={[Function]}
        renderTrackVertical={[Function]}
        renderView={[Function]}
        tagName="div"
        thumbMinSize={30}
        universal={false}
      >
        <Descriptions
          bordered={true}
          column={
            Object {
              "d": 1,
              "lg": 1,
              "sm": 1,
              "xl": 1,
              "xs": 1,
              "xxl": 1,
            }
          }
          size="default"
        >
          <DescriptionsItem
            label="Артикул"
          >
            <Output
              action=""
              className="key"
              id=""
              typeOutput=""
            >
              testTask
            </Output>
          </DescriptionsItem>
          <DescriptionsItem
            label="Название"
          >
            <Output
              action=""
              className="name"
              id=""
              typeOutput=""
            >
              Task1
            </Output>
          </DescriptionsItem>
          <DescriptionsItem
            label="Статус"
          >
            <Output
              action=""
              className="status active"
              id=""
              typeOutput=""
            >
              В работе
            </Output>
          </DescriptionsItem>
          <DescriptionsItem
            label="Приоритет"
          >
            <Output
              action=""
              className="priority"
              id=""
              typeOutput=""
            >
              Средний
            </Output>
          </DescriptionsItem>
          <DescriptionsItem
            label="Автор задачи"
          >
            <Output
              action=""
              className="author"
              id=""
              typeOutput=""
            >
              Павел Петрович
            </Output>
          </DescriptionsItem>
          <DescriptionsItem
            label="Исполнитель"
          >
            <Output
              action=""
              className="editor"
              id=""
              typeOutput=""
            >
              Павел Петрович,Гена Букин
            </Output>
          </DescriptionsItem>
          <DescriptionsItem
            label="Дата назначения"
          >
            <Output
              action=""
              className="startDate"
              id=""
              typeOutput=""
            >
               
            </Output>
          </DescriptionsItem>
          <DescriptionsItem
            label="Дата завершения"
          >
            <Output
              action=""
              className="endDate"
              id=""
              typeOutput=""
            >
               
            </Output>
          </DescriptionsItem>
          <DescriptionsItem
            label="Затрачено времени"
          >
            <Output
              action=""
              id=""
              typeOutput=""
            >
              0.0 ч
            </Output>
          </DescriptionsItem>
        </Descriptions>
        <div
          className="descriptionTask"
        >
          <p
            className="descriptionTask__title"
          >
            Задача
          </p>
          <div
            className="description descriptionTask__content editable"
            onClick={[Function]}
          >
            <span
              className="icon-wrapper"
            >
              <i
                className="icon-pencil"
              />
            </span>
            <Scrollbars
              autoHeight={false}
              autoHeightMax={200}
              autoHeightMin={0}
              autoHide={false}
              autoHideDuration={200}
              autoHideTimeout={1000}
              hideTracksWhenNotNeeded={false}
              renderThumbHorizontal={[Function]}
              renderThumbVertical={[Function]}
              renderTrackHorizontal={[Function]}
              renderTrackVertical={[Function]}
              renderView={[Function]}
              style={
                Object {
                  "height": "150px",
                }
              }
              tagName="div"
              thumbMinSize={30}
              universal={false}
            >
              <span
                className="descriptionContent"
              >
                asdasd
              </span>
            </Scrollbars>
          </div>
          <p
            className="task_file"
          >
            Дополнительные файлы для задачи
          </p>
          <File
            filesArray={Array []}
            module="tasks"
            moduleData={
              Object {
                "author": "Павел Петрович",
                "date": Array [],
                "description": "asdasd",
                "editor": Array [
                  "Павел Петрович",
                  "Гена Букин",
                ],
                "key": "testTask",
                "name": "Task1",
                "priority": "Средний",
                "status": "В работе",
              }
            }
            onAddFileList={[Function]}
            onRemoveFile={[Function]}
            rest={Object {}}
          />
          <p
            className="descriptionTask__comment"
          >
            Коментарии
          </p>
          <Comments
            data={
              Object {
                "author": "Павел Петрович",
                "date": Array [],
                "description": "asdasd",
                "editor": Array [
                  "Павел Петрович",
                  "Гена Букин",
                ],
                "key": "testTask",
                "name": "Task1",
                "priority": "Средний",
                "status": "В работе",
              }
            }
            onUpdate={[Function]}
            rules={true}
            udata={Object {}}
          />
        </div>
      </Scrollbars>
    </div>
    <div
      className="col-6 col-taskDescription"
    >
      <TitleModule
        additional=""
        className=""
        classNameTitle="historyTaskTitle"
        title="Журнал работы"
      />
      <Scrollbars
        autoHeight={false}
        autoHeightMax={200}
        autoHeightMin={0}
        autoHide={false}
        autoHideDuration={200}
        autoHideTimeout={1000}
        hideTracksWhenNotNeeded={false}
        renderThumbHorizontal={[Function]}
        renderThumbVertical={[Function]}
        renderTrackHorizontal={[Function]}
        renderTrackVertical={[Function]}
        renderView={[Function]}
        tagName="div"
        thumbMinSize={30}
        universal={false}
      />
    </div>
  </div>
</Scrollbars>
`;
